{
  "date": "${json-unit.regex}[0-9]{2}/[0-9]{2}/[0-9]{4}",
  "time": "${json-unit.regex}^(?:(?:([01]?\\d|2[0-3]):)?([0-5]?\\d):)?([0-5]?\\d)$",
  "timeZone": "${json-unit.ignore}"
}