{
  "jobFinishTime": "${json-unit.ignore}",
  "jobId": "12345",
  "jobStartTime": "${json-unit.ignore}",
  "jobStatus": "RUNNING"
}