{
	"resourceType": "MeasureReport",
	"extension": [
		{
			"url":"http://ibm.com/fhir/cdm/StructureDefinition/measure-parameter-value",
			"valueParameterDefinition": {
				"extension":[{
					"url":"http://ibm.com/fhir/cdm/StructureDefinition/parameter-value",
					"valuePeriod":{
						"start":"2019-07-04T00:00:00.000+00:00",
						"end":"2020-07-04T23:59:59.999+00:00"
					}
				}],
				"name":"Measurement Period",
				"use":"in",
				"type":"Period"
		}},
		{
			"url":"http://ibm.com/fhir/cdm/StructureDefinition/measure-parameter-value",
			"valueParameterDefinition":{
				"extension":[{
					"url":"http://ibm.com/fhir/cdm/StructureDefinition/parameter-value",
					"valueString":"ProductLine"
				}],
				"name":"Product Line",
				"use":"in","type":"string"
			}}],
	"status": "complete",
	"type": "individual",
	"measure": "Measure/measureId",
	"subject": {
		"reference": "Patient/0889b410-89cd-8cac-9bf6-314272f3699a"
	},
	"period": {
		"start": "2019-07-04T00:00:00+00:00",
		"end": "2020-07-04T23:59:59.999+00:00"
	},
	"group": [{
		"population": [{
			"code": {
				"coding": [{
					"system": "http://hl7.org/fhir/measure-population",
					"code": "initial-population"
				}]
			},
			"count": 1
		}]
	}]
}